Archive member included to satisfy reference by file (symbol)

c:/program files (x86)/atmel/studio/7.0/toolchain/avr8/avr8-gnu-toolchain/bin/../lib/gcc/avr/5.4.0/avr5\libgcc.a(_divmodsi4.o)
                              HAL/LCD.o (__divmodsi4)
c:/program files (x86)/atmel/studio/7.0/toolchain/avr8/avr8-gnu-toolchain/bin/../lib/gcc/avr/5.4.0/avr5\libgcc.a(_negsi2.o)
                              c:/program files (x86)/atmel/studio/7.0/toolchain/avr8/avr8-gnu-toolchain/bin/../lib/gcc/avr/5.4.0/avr5\libgcc.a(_divmodsi4.o) (__negsi2)
c:/program files (x86)/atmel/studio/7.0/toolchain/avr8/avr8-gnu-toolchain/bin/../lib/gcc/avr/5.4.0/avr5\libgcc.a(_exit.o)
                              C:/Program Files (x86)/Atmel/Studio/7.0/Packs/atmel/ATmega_DFP/1.6.364/gcc/dev/atmega32/avr5/crtatmega32.o (exit)
c:/program files (x86)/atmel/studio/7.0/toolchain/avr8/avr8-gnu-toolchain/bin/../lib/gcc/avr/5.4.0/avr5\libgcc.a(_copy_data.o)
                              HAL/keypad1.o (__do_copy_data)
c:/program files (x86)/atmel/studio/7.0/toolchain/avr8/avr8-gnu-toolchain/bin/../lib/gcc/avr/5.4.0/avr5\libgcc.a(_clear_bss.o)
                              HAL/RGB.o (__do_clear_bss)
c:/program files (x86)/atmel/studio/7.0/toolchain/avr8/avr8-gnu-toolchain/bin/../lib/gcc/avr/5.4.0/avr5\libgcc.a(_umulhisi3.o)
                              HAL/LCD.o (__umulhisi3)
c:/program files (x86)/atmel/studio/7.0/toolchain/avr8/avr8-gnu-toolchain/bin/../lib/gcc/avr/5.4.0/avr5\libgcc.a(_udivmodsi4.o)
                              c:/program files (x86)/atmel/studio/7.0/toolchain/avr8/avr8-gnu-toolchain/bin/../lib/gcc/avr/5.4.0/avr5\libgcc.a(_divmodsi4.o) (__udivmodsi4)

Allocating common symbols
Common symbol       size              file

str                 0x14              main.o

Discarded input sections

 .data          0x00000000        0x0 C:/Program Files (x86)/Atmel/Studio/7.0/Packs/atmel/ATmega_DFP/1.6.364/gcc/dev/atmega32/avr5/crtatmega32.o
 .bss           0x00000000        0x0 C:/Program Files (x86)/Atmel/Studio/7.0/Packs/atmel/ATmega_DFP/1.6.364/gcc/dev/atmega32/avr5/crtatmega32.o
 .text          0x00000000        0x0 HAL/keypad1.o
 .data          0x00000000        0x0 HAL/keypad1.o
 .bss           0x00000000        0x0 HAL/keypad1.o
 .text.KEYPAD_GetKey
                0x00000000       0x96 HAL/keypad1.o
 .rodata.kayarrarr
                0x00000000       0x10 HAL/keypad1.o
 .debug_info    0x00000000      0x2b8 HAL/keypad1.o
 .debug_abbrev  0x00000000       0xe3 HAL/keypad1.o
 .debug_loc     0x00000000       0xbf HAL/keypad1.o
 .debug_aranges
                0x00000000       0x20 HAL/keypad1.o
 .debug_ranges  0x00000000       0x10 HAL/keypad1.o
 .debug_line    0x00000000       0xfc HAL/keypad1.o
 .debug_str     0x00000000      0x285 HAL/keypad1.o
 .comment       0x00000000       0x31 HAL/keypad1.o
 .debug_frame   0x00000000       0x40 HAL/keypad1.o
 .text          0x00000000        0x0 HAL/LCD.o
 .data          0x00000000        0x0 HAL/LCD.o
 .bss           0x00000000        0x0 HAL/LCD.o
 .text.LCD_WriteChar
                0x00000000        0x6 HAL/LCD.o
 .text.LCD_WriteNumber
                0x00000000       0xc6 HAL/LCD.o
 .text.LCD_WriteBinary
                0x00000000       0x44 HAL/LCD.o
 .text.LCD_WriteNumber_4D
                0x00000000      0x142 HAL/LCD.o
 .text.Create_Crachter
                0x00000000       0x3c HAL/LCD.o
 .text.LCD_GoToClear
                0x00000000       0x20 HAL/LCD.o
 .text.LCD_GoToWriteString
                0x00000000       0x16 HAL/LCD.o
 .text.LCD_WriteHex
                0x00000000       0x3c HAL/LCD.o
 .text          0x00000000        0x0 HAL/RGB.o
 .data          0x00000000        0x0 HAL/RGB.o
 .bss           0x00000000        0x0 HAL/RGB.o
 .text.Normal_Mode
                0x00000000       0x18 HAL/RGB.o
 .text.Show_ROWS_Mode
                0x00000000      0x3f2 HAL/RGB.o
 .bss.k         0x00000000        0x1 HAL/RGB.o
 .bss.j         0x00000000        0x1 HAL/RGB.o
 .bss.i         0x00000000        0x1 HAL/RGB.o
 .bss.key       0x00000000        0x1 HAL/RGB.o
 .text          0x00000000        0x0 main.o
 .data          0x00000000        0x0 main.o
 .bss           0x00000000        0x0 main.o
 .text          0x00000000        0x0 MCAL/DIO.o
 .data          0x00000000        0x0 MCAL/DIO.o
 .bss           0x00000000        0x0 MCAL/DIO.o
 .text.DIO_ReadPin
                0x00000000       0x70 MCAL/DIO.o
 .text.DIO_WritePORT
                0x00000000       0x20 MCAL/DIO.o
 .text.DIO_TogglePin
                0x00000000       0x82 MCAL/DIO.o
 .text          0x00000000        0x0 MCAL/DIO_lcfg.o
 .data          0x00000000        0x0 MCAL/DIO_lcfg.o
 .bss           0x00000000        0x0 MCAL/DIO_lcfg.o
 .text          0x00000000        0x0 MCAL/Timers.o
 .data          0x00000000        0x0 MCAL/Timers.o
 .bss           0x00000000        0x0 MCAL/Timers.o
 .text.TIMER0_OV_InterruptEnable
                0x00000000        0x8 MCAL/Timers.o
 .text.TIMER0_OV_InterruptDisable
                0x00000000        0x8 MCAL/Timers.o
 .text.TIMER0_OC_InterruptEnable
                0x00000000        0x8 MCAL/Timers.o
 .text.TIMER0_OC_InterruptDisable
                0x00000000        0x8 MCAL/Timers.o
 .text.Timer1_InputCaptureEdge
                0x00000000       0x18 MCAL/Timers.o
 .text.Timer1_ICU_InterruptEnable
                0x00000000        0x8 MCAL/Timers.o
 .text.Timer1_ICU_InterruptDisable
                0x00000000        0x8 MCAL/Timers.o
 .text.Timer1_OVF_InterruptEnable
                0x00000000        0x8 MCAL/Timers.o
 .text.Timer1_OVF_InterruptDisable
                0x00000000        0x8 MCAL/Timers.o
 .text.Timer1_OCA_InterruptEnable
                0x00000000        0x8 MCAL/Timers.o
 .text.Timer1_OCA_InterruptDisable
                0x00000000        0x8 MCAL/Timers.o
 .text.Timer1_OCB_InterruptEnable
                0x00000000        0x8 MCAL/Timers.o
 .text.Timer1_OCB_InterruptDisable
                0x00000000        0x8 MCAL/Timers.o
 .text.Timer1_OVF_SetCallBack
                0x00000000        0xa MCAL/Timers.o
 .text.Timer1_OCA_SetCallBack
                0x00000000        0xa MCAL/Timers.o
 .text.Timer1_OCB_SetCallBack
                0x00000000        0xa MCAL/Timers.o
 .text.Timer1_ICU_SetCallBack
                0x00000000        0xa MCAL/Timers.o
 .text          0x00000000        0x0 MCAL/UART.o
 .data          0x00000000        0x0 MCAL/UART.o
 .bss           0x00000000        0x0 MCAL/UART.o
 .text.UART_Send
                0x00000000        0x8 MCAL/UART.o
 .text.UART_ReceivePeriodic
                0x00000000       0x16 MCAL/UART.o
 .text.UART_SendNoBlock
                0x00000000        0x4 MCAL/UART.o
 .text.UART_ReceiveNoBlock
                0x00000000        0x4 MCAL/UART.o
 .text.UART_RX_InterruptEnable
                0x00000000        0x8 MCAL/UART.o
 .text.UART_RX_InterruptDisable
                0x00000000        0x8 MCAL/UART.o
 .text.UART_TX_InterruptEnable
                0x00000000        0x8 MCAL/UART.o
 .text.UART_TX_InterruptDisable
                0x00000000        0x8 MCAL/UART.o
 .text.UART_RX_SetCallBack
                0x00000000        0xa MCAL/UART.o
 .text.UART_TX_SetCallBack
                0x00000000        0xa MCAL/UART.o
 .bss.init_flag
                0x00000000        0x1 MCAL/UART.o
 .text          0x00000000        0x0 UART_Services.o
 .data          0x00000000        0x0 UART_Services.o
 .bss           0x00000000        0x0 UART_Services.o
 .text.FUNC_TX2
                0x00000000        0x8 UART_Services.o
 .text.FUNC_TX  0x00000000       0x60 UART_Services.o
 .text.FUNC_RX  0x00000000       0x62 UART_Services.o
 .text.UART_SendString
                0x00000000       0x26 UART_Services.o
 .text.UART_SendNumber
                0x00000000       0x2c UART_Services.o
 .text.UART_SendNumber2
                0x00000000       0x3a UART_Services.o
 .text.UART_RecieveNumber
                0x00000000       0x68 UART_Services.o
 .text.UART_RecieveNumber1
                0x00000000       0x5c UART_Services.o
 .text.UART_SendStringCheckSum
                0x00000000       0x6c UART_Services.o
 .text.UART_RecieveStringCheckSum
                0x00000000       0xaa UART_Services.o
 .text.UART_SendStringAsynch
                0x00000000       0x38 UART_Services.o
 .text.UART_ReceiveStringAsynch
                0x00000000       0x2a UART_Services.o
 .text.UART_BCM_Init
                0x00000000        0xe UART_Services.o
 .text.UART_BCM_Runnable
                0x00000000       0x2c UART_Services.o
 .bss.i.1959    0x00000000        0x1 UART_Services.o
 .bss.i.1947    0x00000000        0x1 UART_Services.o
 .bss.k.1948    0x00000000        0x1 UART_Services.o
 .bss.j.1943    0x00000000        0x1 UART_Services.o
 .data.i.1938   0x00000000        0x1 UART_Services.o
 .bss.k.1939    0x00000000        0x1 UART_Services.o
 .data.flag     0x00000000        0x1 UART_Services.o
 .bss.Rx_str    0x00000000       0x28 UART_Services.o
 .bss.j         0x00000000        0x1 UART_Services.o
 .bss.TX_str    0x00000000       0x28 UART_Services.o
 .text          0x00000000        0x0 c:/program files (x86)/atmel/studio/7.0/toolchain/avr8/avr8-gnu-toolchain/bin/../lib/gcc/avr/5.4.0/avr5\libgcc.a(_divmodsi4.o)
 .data          0x00000000        0x0 c:/program files (x86)/atmel/studio/7.0/toolchain/avr8/avr8-gnu-toolchain/bin/../lib/gcc/avr/5.4.0/avr5\libgcc.a(_divmodsi4.o)
 .bss           0x00000000        0x0 c:/program files (x86)/atmel/studio/7.0/toolchain/avr8/avr8-gnu-toolchain/bin/../lib/gcc/avr/5.4.0/avr5\libgcc.a(_divmodsi4.o)
 .text.libgcc.mul
                0x00000000        0x0 c:/program files (x86)/atmel/studio/7.0/toolchain/avr8/avr8-gnu-toolchain/bin/../lib/gcc/avr/5.4.0/avr5\libgcc.a(_divmodsi4.o)
 .text.libgcc.div
                0x00000000       0x2e c:/program files (x86)/atmel/studio/7.0/toolchain/avr8/avr8-gnu-toolchain/bin/../lib/gcc/avr/5.4.0/avr5\libgcc.a(_divmodsi4.o)
 .text.libgcc   0x00000000        0x0 c:/program files (x86)/atmel/studio/7.0/toolchain/avr8/avr8-gnu-toolchain/bin/../lib/gcc/avr/5.4.0/avr5\libgcc.a(_divmodsi4.o)
 .text.libgcc.prologue
                0x00000000        0x0 c:/program files (x86)/atmel/studio/7.0/toolchain/avr8/avr8-gnu-toolchain/bin/../lib/gcc/avr/5.4.0/avr5\libgcc.a(_divmodsi4.o)
 .text.libgcc.builtins
                0x00000000        0x0 c:/program files (x86)/atmel/studio/7.0/toolchain/avr8/avr8-gnu-toolchain/bin/../lib/gcc/avr/5.4.0/avr5\libgcc.a(_divmodsi4.o)
 .text.libgcc.fmul
                0x00000000        0x0 c:/program files (x86)/atmel/studio/7.0/toolchain/avr8/avr8-gnu-toolchain/bin/../lib/gcc/avr/5.4.0/avr5\libgcc.a(_divmodsi4.o)
 .text.libgcc.fixed
                0x00000000        0x0 c:/program files (x86)/atmel/studio/7.0/toolchain/avr8/avr8-gnu-toolchain/bin/../lib/gcc/avr/5.4.0/avr5\libgcc.a(_divmodsi4.o)
 .text          0x00000000        0x0 c:/program files (x86)/atmel/studio/7.0/toolchain/avr8/avr8-gnu-toolchain/bin/../lib/gcc/avr/5.4.0/avr5\libgcc.a(_negsi2.o)
 .data          0x00000000        0x0 c:/program files (x86)/atmel/studio/7.0/toolchain/avr8/avr8-gnu-toolchain/bin/../lib/gcc/avr/5.4.0/avr5\libgcc.a(_negsi2.o)
 .bss           0x00000000        0x0 c:/program files (x86)/atmel/studio/7.0/toolchain/avr8/avr8-gnu-toolchain/bin/../lib/gcc/avr/5.4.0/avr5\libgcc.a(_negsi2.o)
 .text.libgcc.mul
                0x00000000        0x0 c:/program files (x86)/atmel/studio/7.0/toolchain/avr8/avr8-gnu-toolchain/bin/../lib/gcc/avr/5.4.0/avr5\libgcc.a(_negsi2.o)
 .text.libgcc.div
                0x00000000       0x10 c:/program files (x86)/atmel/studio/7.0/toolchain/avr8/avr8-gnu-toolchain/bin/../lib/gcc/avr/5.4.0/avr5\libgcc.a(_negsi2.o)
 .text.libgcc   0x00000000        0x0 c:/program files (x86)/atmel/studio/7.0/toolchain/avr8/avr8-gnu-toolchain/bin/../lib/gcc/avr/5.4.0/avr5\libgcc.a(_negsi2.o)
 .text.libgcc.prologue
                0x00000000        0x0 c:/program files (x86)/atmel/studio/7.0/toolchain/avr8/avr8-gnu-toolchain/bin/../lib/gcc/avr/5.4.0/avr5\libgcc.a(_negsi2.o)
 .text.libgcc.builtins
                0x00000000        0x0 c:/program files (x86)/atmel/studio/7.0/toolchain/avr8/avr8-gnu-toolchain/bin/../lib/gcc/avr/5.4.0/avr5\libgcc.a(_negsi2.o)
 .text.libgcc.fmul
                0x00000000        0x0 c:/program files (x86)/atmel/studio/7.0/toolchain/avr8/avr8-gnu-toolchain/bin/../lib/gcc/avr/5.4.0/avr5\libgcc.a(_negsi2.o)
 .text.libgcc.fixed
                0x00000000        0x0 c:/program files (x86)/atmel/studio/7.0/toolchain/avr8/avr8-gnu-toolchain/bin/../lib/gcc/avr/5.4.0/avr5\libgcc.a(_negsi2.o)
 .text          0x00000000        0x0 c:/program files (x86)/atmel/studio/7.0/toolchain/avr8/avr8-gnu-toolchain/bin/../lib/gcc/avr/5.4.0/avr5\libgcc.a(_exit.o)
 .data          0x00000000        0x0 c:/program files (x86)/atmel/studio/7.0/toolchain/avr8/avr8-gnu-toolchain/bin/../lib/gcc/avr/5.4.0/avr5\libgcc.a(_exit.o)
 .bss           0x00000000        0x0 c:/program files (x86)/atmel/studio/7.0/toolchain/avr8/avr8-gnu-toolchain/bin/../lib/gcc/avr/5.4.0/avr5\libgcc.a(_exit.o)
 .text.libgcc.mul
                0x00000000        0x0 c:/program files (x86)/atmel/studio/7.0/toolchain/avr8/avr8-gnu-toolchain/bin/../lib/gcc/avr/5.4.0/avr5\libgcc.a(_exit.o)
 .text.libgcc.div
                0x00000000        0x0 c:/program files (x86)/atmel/studio/7.0/toolchain/avr8/avr8-gnu-toolchain/bin/../lib/gcc/avr/5.4.0/avr5\libgcc.a(_exit.o)
 .text.libgcc   0x00000000        0x0 c:/program files (x86)/atmel/studio/7.0/toolchain/avr8/avr8-gnu-toolchain/bin/../lib/gcc/avr/5.4.0/avr5\libgcc.a(_exit.o)
 .text.libgcc.prologue
                0x00000000        0x0 c:/program files (x86)/atmel/studio/7.0/toolchain/avr8/avr8-gnu-toolchain/bin/../lib/gcc/avr/5.4.0/avr5\libgcc.a(_exit.o)
 .text.libgcc.builtins
                0x00000000        0x0 c:/program files (x86)/atmel/studio/7.0/toolchain/avr8/avr8-gnu-toolchain/bin/../lib/gcc/avr/5.4.0/avr5\libgcc.a(_exit.o)
 .text.libgcc.fmul
                0x00000000        0x0 c:/program files (x86)/atmel/studio/7.0/toolchain/avr8/avr8-gnu-toolchain/bin/../lib/gcc/avr/5.4.0/avr5\libgcc.a(_exit.o)
 .text.libgcc.fixed
                0x00000000        0x0 c:/program files (x86)/atmel/studio/7.0/toolchain/avr8/avr8-gnu-toolchain/bin/../lib/gcc/avr/5.4.0/avr5\libgcc.a(_exit.o)
 .text          0x00000000        0x0 c:/program files (x86)/atmel/studio/7.0/toolchain/avr8/avr8-gnu-toolchain/bin/../lib/gcc/avr/5.4.0/avr5\libgcc.a(_copy_data.o)
 .data          0x00000000        0x0 c:/program files (x86)/atmel/studio/7.0/toolchain/avr8/avr8-gnu-toolchain/bin/../lib/gcc/avr/5.4.0/avr5\libgcc.a(_copy_data.o)
 .bss           0x00000000        0x0 c:/program files (x86)/atmel/studio/7.0/toolchain/avr8/avr8-gnu-toolchain/bin/../lib/gcc/avr/5.4.0/avr5\libgcc.a(_copy_data.o)
 .text.libgcc.mul
                0x00000000        0x0 c:/program files (x86)/atmel/studio/7.0/toolchain/avr8/avr8-gnu-toolchain/bin/../lib/gcc/avr/5.4.0/avr5\libgcc.a(_copy_data.o)
 .text.libgcc.div
                0x00000000        0x0 c:/program files (x86)/atmel/studio/7.0/toolchain/avr8/avr8-gnu-toolchain/bin/../lib/gcc/avr/5.4.0/avr5\libgcc.a(_copy_data.o)
 .text.libgcc   0x00000000        0x0 c:/program files (x86)/atmel/studio/7.0/toolchain/avr8/avr8-gnu-toolchain/bin/../lib/gcc/avr/5.4.0/avr5\libgcc.a(_copy_data.o)
 .text.libgcc.prologue
                0x00000000        0x0 c:/program files (x86)/atmel/studio/7.0/toolchain/avr8/avr8-gnu-toolchain/bin/../lib/gcc/avr/5.4.0/avr5\libgcc.a(_copy_data.o)
 .text.libgcc.builtins
                0x00000000        0x0 c:/program files (x86)/atmel/studio/7.0/toolchain/avr8/avr8-gnu-toolchain/bin/../lib/gcc/avr/5.4.0/avr5\libgcc.a(_copy_data.o)
 .text.libgcc.fmul
                0x00000000        0x0 c:/program files (x86)/atmel/studio/7.0/toolchain/avr8/avr8-gnu-toolchain/bin/../lib/gcc/avr/5.4.0/avr5\libgcc.a(_copy_data.o)
 .text.libgcc.fixed
                0x00000000        0x0 c:/program files (x86)/atmel/studio/7.0/toolchain/avr8/avr8-gnu-toolchain/bin/../lib/gcc/avr/5.4.0/avr5\libgcc.a(_copy_data.o)
 .text          0x00000000        0x0 c:/program files (x86)/atmel/studio/7.0/toolchain/avr8/avr8-gnu-toolchain/bin/../lib/gcc/avr/5.4.0/avr5\libgcc.a(_clear_bss.o)
 .data          0x00000000        0x0 c:/program files (x86)/atmel/studio/7.0/toolchain/avr8/avr8-gnu-toolchain/bin/../lib/gcc/avr/5.4.0/avr5\libgcc.a(_clear_bss.o)
 .bss           0x00000000        0x0 c:/program files (x86)/atmel/studio/7.0/toolchain/avr8/avr8-gnu-toolchain/bin/../lib/gcc/avr/5.4.0/avr5\libgcc.a(_clear_bss.o)
 .text.libgcc.mul
                0x00000000        0x0 c:/program files (x86)/atmel/studio/7.0/toolchain/avr8/avr8-gnu-toolchain/bin/../lib/gcc/avr/5.4.0/avr5\libgcc.a(_clear_bss.o)
 .text.libgcc.div
                0x00000000        0x0 c:/program files (x86)/atmel/studio/7.0/toolchain/avr8/avr8-gnu-toolchain/bin/../lib/gcc/avr/5.4.0/avr5\libgcc.a(_clear_bss.o)
 .text.libgcc   0x00000000        0x0 c:/program files (x86)/atmel/studio/7.0/toolchain/avr8/avr8-gnu-toolchain/bin/../lib/gcc/avr/5.4.0/avr5\libgcc.a(_clear_bss.o)
 .text.libgcc.prologue
                0x00000000        0x0 c:/program files (x86)/atmel/studio/7.0/toolchain/avr8/avr8-gnu-toolchain/bin/../lib/gcc/avr/5.4.0/avr5\libgcc.a(_clear_bss.o)
 .text.libgcc.builtins
                0x00000000        0x0 c:/program files (x86)/atmel/studio/7.0/toolchain/avr8/avr8-gnu-toolchain/bin/../lib/gcc/avr/5.4.0/avr5\libgcc.a(_clear_bss.o)
 .text.libgcc.fmul
                0x00000000        0x0 c:/program files (x86)/atmel/studio/7.0/toolchain/avr8/avr8-gnu-toolchain/bin/../lib/gcc/avr/5.4.0/avr5\libgcc.a(_clear_bss.o)
 .text.libgcc.fixed
                0x00000000        0x0 c:/program files (x86)/atmel/studio/7.0/toolchain/avr8/avr8-gnu-toolchain/bin/../lib/gcc/avr/5.4.0/avr5\libgcc.a(_clear_bss.o)
 .text          0x00000000        0x0 c:/program files (x86)/atmel/studio/7.0/toolchain/avr8/avr8-gnu-toolchain/bin/../lib/gcc/avr/5.4.0/avr5\libgcc.a(_umulhisi3.o)
 .data          0x00000000        0x0 c:/program files (x86)/atmel/studio/7.0/toolchain/avr8/avr8-gnu-toolchain/bin/../lib/gcc/avr/5.4.0/avr5\libgcc.a(_umulhisi3.o)
 .bss           0x00000000        0x0 c:/program files (x86)/atmel/studio/7.0/toolchain/avr8/avr8-gnu-toolchain/bin/../lib/gcc/avr/5.4.0/avr5\libgcc.a(_umulhisi3.o)
 .text.libgcc.mul
                0x00000000       0x1e c:/program files (x86)/atmel/studio/7.0/toolchain/avr8/avr8-gnu-toolchain/bin/../lib/gcc/avr/5.4.0/avr5\libgcc.a(_umulhisi3.o)
 .text.libgcc.div
                0x00000000        0x0 c:/program files (x86)/atmel/studio/7.0/toolchain/avr8/avr8-gnu-toolchain/bin/../lib/gcc/avr/5.4.0/avr5\libgcc.a(_umulhisi3.o)
 .text.libgcc   0x00000000        0x0 c:/program files (x86)/atmel/studio/7.0/toolchain/avr8/avr8-gnu-toolchain/bin/../lib/gcc/avr/5.4.0/avr5\libgcc.a(_umulhisi3.o)
 .text.libgcc.prologue
                0x00000000        0x0 c:/program files (x86)/atmel/studio/7.0/toolchain/avr8/avr8-gnu-toolchain/bin/../lib/gcc/avr/5.4.0/avr5\libgcc.a(_umulhisi3.o)
 .text.libgcc.builtins
                0x00000000        0x0 c:/program files (x86)/atmel/studio/7.0/toolchain/avr8/avr8-gnu-toolchain/bin/../lib/gcc/avr/5.4.0/avr5\libgcc.a(_umulhisi3.o)
 .text.libgcc.fmul
                0x00000000        0x0 c:/program files (x86)/atmel/studio/7.0/toolchain/avr8/avr8-gnu-toolchain/bin/../lib/gcc/avr/5.4.0/avr5\libgcc.a(_umulhisi3.o)
 .text.libgcc.fixed
                0x00000000        0x0 c:/program files (x86)/atmel/studio/7.0/toolchain/avr8/avr8-gnu-toolchain/bin/../lib/gcc/avr/5.4.0/avr5\libgcc.a(_umulhisi3.o)
 .text          0x00000000        0x0 c:/program files (x86)/atmel/studio/7.0/toolchain/avr8/avr8-gnu-toolchain/bin/../lib/gcc/avr/5.4.0/avr5\libgcc.a(_udivmodsi4.o)
 .data          0x00000000        0x0 c:/program files (x86)/atmel/studio/7.0/toolchain/avr8/avr8-gnu-toolchain/bin/../lib/gcc/avr/5.4.0/avr5\libgcc.a(_udivmodsi4.o)
 .bss           0x00000000        0x0 c:/program files (x86)/atmel/studio/7.0/toolchain/avr8/avr8-gnu-toolchain/bin/../lib/gcc/avr/5.4.0/avr5\libgcc.a(_udivmodsi4.o)
 .text.libgcc.mul
                0x00000000        0x0 c:/program files (x86)/atmel/studio/7.0/toolchain/avr8/avr8-gnu-toolchain/bin/../lib/gcc/avr/5.4.0/avr5\libgcc.a(_udivmodsi4.o)
 .text.libgcc.div
                0x00000000       0x44 c:/program files (x86)/atmel/studio/7.0/toolchain/avr8/avr8-gnu-toolchain/bin/../lib/gcc/avr/5.4.0/avr5\libgcc.a(_udivmodsi4.o)
 .text.libgcc   0x00000000        0x0 c:/program files (x86)/atmel/studio/7.0/toolchain/avr8/avr8-gnu-toolchain/bin/../lib/gcc/avr/5.4.0/avr5\libgcc.a(_udivmodsi4.o)
 .text.libgcc.prologue
                0x00000000        0x0 c:/program files (x86)/atmel/studio/7.0/toolchain/avr8/avr8-gnu-toolchain/bin/../lib/gcc/avr/5.4.0/avr5\libgcc.a(_udivmodsi4.o)
 .text.libgcc.builtins
                0x00000000        0x0 c:/program files (x86)/atmel/studio/7.0/toolchain/avr8/avr8-gnu-toolchain/bin/../lib/gcc/avr/5.4.0/avr5\libgcc.a(_udivmodsi4.o)
 .text.libgcc.fmul
                0x00000000        0x0 c:/program files (x86)/atmel/studio/7.0/toolchain/avr8/avr8-gnu-toolchain/bin/../lib/gcc/avr/5.4.0/avr5\libgcc.a(_udivmodsi4.o)
 .text.libgcc.fixed
                0x00000000        0x0 c:/program files (x86)/atmel/studio/7.0/toolchain/avr8/avr8-gnu-toolchain/bin/../lib/gcc/avr/5.4.0/avr5\libgcc.a(_udivmodsi4.o)

Memory Configuration

Name             Origin             Length             Attributes
text             0x00000000         0x00008000         xr
data             0x00800060         0x00000800         rw !x
eeprom           0x00810000         0x00000400         rw !x
fuse             0x00820000         0x00000002         rw !x
lock             0x00830000         0x00000400         rw !x
signature        0x00840000         0x00000400         rw !x
user_signatures  0x00850000         0x00000400         rw !x
*default*        0x00000000         0xffffffff

Linker script and memory map

LOAD C:/Program Files (x86)/Atmel/Studio/7.0/Packs/atmel/ATmega_DFP/1.6.364/gcc/dev/atmega32/avr5/crtatmega32.o
LOAD HAL/keypad1.o
LOAD HAL/LCD.o
LOAD HAL/RGB.o
LOAD main.o
LOAD MCAL/DIO.o
LOAD MCAL/DIO_lcfg.o
LOAD MCAL/Timers.o
LOAD MCAL/UART.o
LOAD UART_Services.o
START GROUP
LOAD c:/program files (x86)/atmel/studio/7.0/toolchain/avr8/avr8-gnu-toolchain/bin/../lib/gcc/avr/5.4.0/../../../../avr/lib/avr5\libm.a
END GROUP
START GROUP
LOAD c:/program files (x86)/atmel/studio/7.0/toolchain/avr8/avr8-gnu-toolchain/bin/../lib/gcc/avr/5.4.0/avr5\libgcc.a
LOAD c:/program files (x86)/atmel/studio/7.0/toolchain/avr8/avr8-gnu-toolchain/bin/../lib/gcc/avr/5.4.0/../../../../avr/lib/avr5\libm.a
LOAD c:/program files (x86)/atmel/studio/7.0/toolchain/avr8/avr8-gnu-toolchain/bin/../lib/gcc/avr/5.4.0/../../../../avr/lib/avr5\libc.a
LOAD C:/Program Files (x86)/Atmel/Studio/7.0/Packs/atmel/ATmega_DFP/1.6.364/gcc/dev/atmega32/avr5\libatmega32.a
END GROUP
                0x00000000                __TEXT_REGION_ORIGIN__ = DEFINED (__TEXT_REGION_ORIGIN__)?__TEXT_REGION_ORIGIN__:0x0
                [0x00800060]                __DATA_REGION_ORIGIN__ = DEFINED (__DATA_REGION_ORIGIN__)?__DATA_REGION_ORIGIN__:0x800060
                [0x00008000]                __TEXT_REGION_LENGTH__ = DEFINED (__TEXT_REGION_LENGTH__)?__TEXT_REGION_LENGTH__:0x20000
                [0x00000800]                __DATA_REGION_LENGTH__ = DEFINED (__DATA_REGION_LENGTH__)?__DATA_REGION_LENGTH__:0xffa0
                [0x00000400]                __EEPROM_REGION_LENGTH__ = DEFINED (__EEPROM_REGION_LENGTH__)?__EEPROM_REGION_LENGTH__:0x10000
                [0x00000002]                __FUSE_REGION_LENGTH__ = DEFINED (__FUSE_REGION_LENGTH__)?__FUSE_REGION_LENGTH__:0x400
                0x00000400                __LOCK_REGION_LENGTH__ = DEFINED (__LOCK_REGION_LENGTH__)?__LOCK_REGION_LENGTH__:0x400
                0x00000400                __SIGNATURE_REGION_LENGTH__ = DEFINED (__SIGNATURE_REGION_LENGTH__)?__SIGNATURE_REGION_LENGTH__:0x400
                0x00000400                __USER_SIGNATURE_REGION_LENGTH__ = DEFINED (__USER_SIGNATURE_REGION_LENGTH__)?__USER_SIGNATURE_REGION_LENGTH__:0x400

.hash
 *(.hash)

.dynsym
 *(.dynsym)

.dynstr
 *(.dynstr)

.gnu.version
 *(.gnu.version)

.gnu.version_d
 *(.gnu.version_d)

.gnu.version_r
 *(.gnu.version_r)

.rel.init
 *(.rel.init)

.rela.init
 *(.rela.init)

.rel.text
 *(.rel.text)
 *(.rel.text.*)
 *(.rel.gnu.linkonce.t*)

.rela.text
 *(.rela.text)
 *(.rela.text.*)
 *(.rela.gnu.linkonce.t*)

.rel.fini
 *(.rel.fini)

.rela.fini
 *(.rela.fini)

.rel.rodata
 *(.rel.rodata)
 *(.rel.rodata.*)
 *(.rel.gnu.linkonce.r*)

.rela.rodata
 *(.rela.rodata)
 *(.rela.rodata.*)
 *(.rela.gnu.linkonce.r*)

.rel.data
 *(.rel.data)
 *(.rel.data.*)
 *(.rel.gnu.linkonce.d*)

.rela.data
 *(.rela.data)
 *(.rela.data.*)
 *(.rela.gnu.linkonce.d*)

.rel.ctors
 *(.rel.ctors)

.rela.ctors
 *(.rela.ctors)

.rel.dtors
 *(.rel.dtors)

.rela.dtors
 *(.rela.dtors)

.rel.got
 *(.rel.got)

.rela.got
 *(.rela.got)

.rel.bss
 *(.rel.bss)

.rela.bss
 *(.rela.bss)

.rel.plt
 *(.rel.plt)

.rela.plt
 *(.rela.plt)

.text           0x00000000      0xb78
 *(.vectors)
 .vectors       0x00000000       0x54 C:/Program Files (x86)/Atmel/Studio/7.0/Packs/atmel/ATmega_DFP/1.6.364/gcc/dev/atmega32/avr5/crtatmega32.o
                0x00000000                __vector_default
                0x00000000                __vectors
 *(.vectors)
 *(.progmem.gcc*)
                0x00000054                . = ALIGN (0x2)
                0x00000054                __trampolines_start = .
 *(.trampolines)
 .trampolines   0x00000054        0x0 linker stubs
 *(.trampolines*)
                0x00000054                __trampolines_end = .
 *libprintf_flt.a:*(.progmem.data)
 *libc.a:*(.progmem.data)
 *(.progmem*)
                0x00000054                . = ALIGN (0x2)
 *(.jumptables)
 *(.jumptables*)
 *(.lowtext)
 *(.lowtext*)
                0x00000054                __ctors_start = .
 *(.ctors)
                0x00000054                __ctors_end = .
                0x00000054                __dtors_start = .
 *(.dtors)
                0x00000054                __dtors_end = .
 SORT(*)(.ctors)
 SORT(*)(.dtors)
 *(.init0)
 .init0         0x00000054        0x0 C:/Program Files (x86)/Atmel/Studio/7.0/Packs/atmel/ATmega_DFP/1.6.364/gcc/dev/atmega32/avr5/crtatmega32.o
                0x00000054                __init
 *(.init0)
 *(.init1)
 *(.init1)
 *(.init2)
 .init2         0x00000054        0xc C:/Program Files (x86)/Atmel/Studio/7.0/Packs/atmel/ATmega_DFP/1.6.364/gcc/dev/atmega32/avr5/crtatmega32.o
 *(.init2)
 *(.init3)
 *(.init3)
 *(.init4)
 .init4         0x00000060       0x16 c:/program files (x86)/atmel/studio/7.0/toolchain/avr8/avr8-gnu-toolchain/bin/../lib/gcc/avr/5.4.0/avr5\libgcc.a(_copy_data.o)
                0x00000060                __do_copy_data
 .init4         0x00000076       0x10 c:/program files (x86)/atmel/studio/7.0/toolchain/avr8/avr8-gnu-toolchain/bin/../lib/gcc/avr/5.4.0/avr5\libgcc.a(_clear_bss.o)
                0x00000076                __do_clear_bss
 *(.init4)
 *(.init5)
 *(.init5)
 *(.init6)
 *(.init6)
 *(.init7)
 *(.init7)
 *(.init8)
 *(.init8)
 *(.init9)
 .init9         0x00000086        0x8 C:/Program Files (x86)/Atmel/Studio/7.0/Packs/atmel/ATmega_DFP/1.6.364/gcc/dev/atmega32/avr5/crtatmega32.o
 *(.init9)
 *(.text)
 .text          0x0000008e        0x4 C:/Program Files (x86)/Atmel/Studio/7.0/Packs/atmel/ATmega_DFP/1.6.364/gcc/dev/atmega32/avr5/crtatmega32.o
                0x0000008e                __vector_1
                0x0000008e                __vector_12
                0x0000008e                __bad_interrupt
                0x0000008e                __vector_3
                0x0000008e                __vector_11
                0x0000008e                __vector_17
                0x0000008e                __vector_19
                0x0000008e                __vector_5
                0x0000008e                __vector_4
                0x0000008e                __vector_2
                0x0000008e                __vector_14
                0x0000008e                __vector_10
                0x0000008e                __vector_16
                0x0000008e                __vector_18
                0x0000008e                __vector_20
                0x00000092                . = ALIGN (0x2)
 *(.text.*)
 .text.LCD_WriteCommand
                0x00000092       0xc0 HAL/LCD.o
 .text.LCD_WriteData
                0x00000152       0xc0 HAL/LCD.o
 .text.LCD_Init
                0x00000212       0x3e HAL/LCD.o
                0x00000212                LCD_Init
 .text.LCD_WriteString
                0x00000250       0x26 HAL/LCD.o
                0x00000250                LCD_WriteString
 .text.LCD_GoTo
                0x00000276       0x1c HAL/LCD.o
                0x00000276                LCD_GoTo
 .text.LCD_Clear
                0x00000292        0x8 HAL/LCD.o
                0x00000292                LCD_Clear
 .text.RGB_init
                0x0000029a       0x2c HAL/RGB.o
                0x0000029a                RGB_init
 .text.Set_Color
                0x000002c6       0x28 HAL/RGB.o
                0x000002c6                Set_Color
 .text.String_Compare
                0x000002ee       0x7a main.o
                0x000002ee                String_Compare
 .text.main     0x00000368       0xc6 main.o
                0x00000368                main
 .text.DIO_InitPin
                0x0000042e      0x1fa MCAL/DIO.o
 .text.DIO_WritePin
                0x00000628      0x10a MCAL/DIO.o
                0x00000628                DIO_WritePin
 .text.DIO_Init
                0x00000732       0x20 MCAL/DIO.o
                0x00000732                DIO_Init
 .text.TIMER0_Init
                0x00000752       0x54 MCAL/Timers.o
                0x00000752                TIMER0_Init
 .text.TIMER0_OC0Mode
                0x000007a6       0x48 MCAL/Timers.o
                0x000007a6                TIMER0_OC0Mode
 .text.Timer1_Init
                0x000007ee       0xa8 MCAL/Timers.o
                0x000007ee                Timer1_Init
 .text.Timer1_OCRA1Mode
                0x00000896       0x48 MCAL/Timers.o
                0x00000896                Timer1_OCRA1Mode
 .text.Timer1_OCRB1Mode
                0x000008de       0x48 MCAL/Timers.o
                0x000008de                Timer1_OCRB1Mode
 .text.__vector_9
                0x00000926       0x52 MCAL/Timers.o
                0x00000926                __vector_9
 .text.__vector_7
                0x00000978       0x52 MCAL/Timers.o
                0x00000978                __vector_7
 .text.__vector_8
                0x000009ca       0x52 MCAL/Timers.o
                0x000009ca                __vector_8
 .text.__vector_6
                0x00000a1c       0x52 MCAL/Timers.o
                0x00000a1c                __vector_6
 .text.UART_Init
                0x00000a6e       0x18 MCAL/UART.o
                0x00000a6e                UART_Init
 .text.UART_Receive
                0x00000a86        0x8 MCAL/UART.o
                0x00000a86                UART_Receive
 .text.__vector_13
                0x00000a8e       0x52 MCAL/UART.o
                0x00000a8e                __vector_13
 .text.__vector_15
                0x00000ae0       0x52 MCAL/UART.o
                0x00000ae0                __vector_15
 .text.UART_RecieveString
                0x00000b32       0x42 UART_Services.o
                0x00000b32                UART_RecieveString
                0x00000b74                . = ALIGN (0x2)
 *(.fini9)
 .fini9         0x00000b74        0x0 c:/program files (x86)/atmel/studio/7.0/toolchain/avr8/avr8-gnu-toolchain/bin/../lib/gcc/avr/5.4.0/avr5\libgcc.a(_exit.o)
                0x00000b74                _exit
                0x00000b74                exit
 *(.fini9)
 *(.fini8)
 *(.fini8)
 *(.fini7)
 *(.fini7)
 *(.fini6)
 *(.fini6)
 *(.fini5)
 *(.fini5)
 *(.fini4)
 *(.fini4)
 *(.fini3)
 *(.fini3)
 *(.fini2)
 *(.fini2)
 *(.fini1)
 *(.fini1)
 *(.fini0)
 .fini0         0x00000b74        0x4 c:/program files (x86)/atmel/studio/7.0/toolchain/avr8/avr8-gnu-toolchain/bin/../lib/gcc/avr/5.4.0/avr5\libgcc.a(_exit.o)
 *(.fini0)
                0x00000b78                _etext = .

.data           0x00800060       0x9c load address 0x00000b78
                0x00800060                PROVIDE (__data_start, .)
 *(.data)
 *(.data*)
 .data.arr      0x00800060       0x12 main.o
                0x00800060                arr
 *(.gnu.linkonce.d*)
 *(.rodata)
 *(.rodata*)
 .rodata.arr_color
                0x00800072       0x1b HAL/RGB.o
 .rodata.str1.1
                0x0080008d       0x4e main.o
                                 0x58 (size before relaxing)
 .rodata.PinsStatusArray
                0x008000db       0x20 MCAL/DIO_lcfg.o
                0x008000db                PinsStatusArray
 *(.gnu.linkonce.r*)
                0x008000fc                . = ALIGN (0x2)
 *fill*         0x008000fb        0x1 
                0x008000fc                _edata = .
                0x008000fc                PROVIDE (__data_end, .)

.bss            0x008000fc       0x21
                0x008000fc                PROVIDE (__bss_start, .)
 *(.bss)
 *(.bss*)
 .bss.index     0x008000fc        0x1 main.o
                0x008000fc                index
 .bss.Timer1_ICU_Fptr
                0x008000fd        0x2 MCAL/Timers.o
 .bss.Timer1_OCB_Fptr
                0x008000ff        0x2 MCAL/Timers.o
 .bss.Timer1_OCA_Fptr
                0x00800101        0x2 MCAL/Timers.o
 .bss.Timer1_OVF_Fptr
                0x00800103        0x2 MCAL/Timers.o
 .bss.UART_TX_Fptr
                0x00800105        0x2 MCAL/UART.o
 .bss.UART_RX_Fptr
                0x00800107        0x2 MCAL/UART.o
 *(COMMON)
 COMMON         0x00800109       0x14 main.o
                0x00800109                str
                0x0080011d                PROVIDE (__bss_end, .)
                0x00000b78                __data_load_start = LOADADDR (.data)
                0x00000c14                __data_load_end = (__data_load_start + SIZEOF (.data))

.noinit         0x0080011d        0x0
                [!provide]                PROVIDE (__noinit_start, .)
 *(.noinit*)
                [!provide]                PROVIDE (__noinit_end, .)
                0x0080011d                _end = .
                [!provide]                PROVIDE (__heap_start, .)

.eeprom         0x00810000        0x0
 *(.eeprom*)
                0x00810000                __eeprom_end = .

.fuse
 *(.fuse)
 *(.lfuse)
 *(.hfuse)
 *(.efuse)

.lock
 *(.lock*)

.signature
 *(.signature*)

.user_signatures
 *(.user_signatures*)

.stab
 *(.stab)

.stabstr
 *(.stabstr)

.stab.excl
 *(.stab.excl)

.stab.exclstr
 *(.stab.exclstr)

.stab.index
 *(.stab.index)

.stab.indexstr
 *(.stab.indexstr)

.comment        0x00000000       0x30
 *(.comment)
 .comment       0x00000000       0x30 HAL/LCD.o
                                 0x31 (size before relaxing)
 .comment       0x00000030       0x31 HAL/RGB.o
 .comment       0x00000030       0x31 main.o
 .comment       0x00000030       0x31 MCAL/DIO.o
 .comment       0x00000030       0x31 MCAL/DIO_lcfg.o
 .comment       0x00000030       0x31 MCAL/Timers.o
 .comment       0x00000030       0x31 MCAL/UART.o
 .comment       0x00000030       0x31 UART_Services.o

.note.gnu.avr.deviceinfo
                0x00000000       0x3c
 .note.gnu.avr.deviceinfo
                0x00000000       0x3c C:/Program Files (x86)/Atmel/Studio/7.0/Packs/atmel/ATmega_DFP/1.6.364/gcc/dev/atmega32/avr5/crtatmega32.o

.note.gnu.build-id
 *(.note.gnu.build-id)

.debug
 *(.debug)

.line
 *(.line)

.debug_srcinfo
 *(.debug_srcinfo)

.debug_sfnames
 *(.debug_sfnames)

.debug_aranges  0x00000000      0x348
 *(.debug_aranges)
 .debug_aranges
                0x00000000       0x88 HAL/LCD.o
 .debug_aranges
                0x00000088       0x38 HAL/RGB.o
 .debug_aranges
                0x000000c0       0x28 main.o
 .debug_aranges
                0x000000e8       0x48 MCAL/DIO.o
 .debug_aranges
                0x00000130       0x18 MCAL/DIO_lcfg.o
 .debug_aranges
                0x00000148       0xe8 MCAL/Timers.o
 .debug_aranges
                0x00000230       0x88 MCAL/UART.o
 .debug_aranges
                0x000002b8       0x90 UART_Services.o

.debug_pubnames
 *(.debug_pubnames)

.debug_info     0x00000000     0x32a9
 *(.debug_info .gnu.linkonce.wi.*)
 .debug_info    0x00000000      0x4e6 C:/Program Files (x86)/Atmel/Studio/7.0/Packs/atmel/ATmega_DFP/1.6.364/gcc/dev/atmega32/avr5/crtatmega32.o
 .debug_info    0x000004e6      0xc4c HAL/LCD.o
 .debug_info    0x00001132      0x887 HAL/RGB.o
 .debug_info    0x000019b9      0x498 main.o
 .debug_info    0x00001e51      0x3ca MCAL/DIO.o
 .debug_info    0x0000221b      0x17f MCAL/DIO_lcfg.o
 .debug_info    0x0000239a      0x57f MCAL/Timers.o
 .debug_info    0x00002919      0x24d MCAL/UART.o
 .debug_info    0x00002b66      0x743 UART_Services.o

.debug_abbrev   0x00000000      0xf28
 *(.debug_abbrev)
 .debug_abbrev  0x00000000      0x4a3 C:/Program Files (x86)/Atmel/Studio/7.0/Packs/atmel/ATmega_DFP/1.6.364/gcc/dev/atmega32/avr5/crtatmega32.o
 .debug_abbrev  0x000004a3      0x1cd HAL/LCD.o
 .debug_abbrev  0x00000670      0x1ab HAL/RGB.o
 .debug_abbrev  0x0000081b      0x1dc main.o
 .debug_abbrev  0x000009f7      0x168 MCAL/DIO.o
 .debug_abbrev  0x00000b5f       0x6a MCAL/DIO_lcfg.o
 .debug_abbrev  0x00000bc9       0xcd MCAL/Timers.o
 .debug_abbrev  0x00000c96       0xfc MCAL/UART.o
 .debug_abbrev  0x00000d92      0x196 UART_Services.o

.debug_line     0x00000000     0x1b82
 *(.debug_line .debug_line.* .debug_line_end)
 .debug_line    0x00000000      0x116 C:/Program Files (x86)/Atmel/Studio/7.0/Packs/atmel/ATmega_DFP/1.6.364/gcc/dev/atmega32/avr5/crtatmega32.o
 .debug_line    0x00000116      0x51c HAL/LCD.o
 .debug_line    0x00000632      0x519 HAL/RGB.o
 .debug_line    0x00000b4b      0x294 main.o
 .debug_line    0x00000ddf      0x31d MCAL/DIO.o
 .debug_line    0x000010fc       0x43 MCAL/DIO_lcfg.o
 .debug_line    0x0000113f      0x47e MCAL/Timers.o
 .debug_line    0x000015bd      0x1d1 MCAL/UART.o
 .debug_line    0x0000178e      0x3f4 UART_Services.o

.debug_frame    0x00000000      0x8c4
 *(.debug_frame)
 .debug_frame   0x00000000      0x18c HAL/LCD.o
 .debug_frame   0x0000018c       0x54 HAL/RGB.o
 .debug_frame   0x000001e0       0x3c main.o
 .debug_frame   0x0000021c       0x7c MCAL/DIO.o
 .debug_frame   0x00000298      0x2d4 MCAL/Timers.o
 .debug_frame   0x0000056c      0x184 MCAL/UART.o
 .debug_frame   0x000006f0      0x1d4 UART_Services.o

.debug_str      0x00000000      0xfb4
 *(.debug_str)
 .debug_str     0x00000000      0x196 C:/Program Files (x86)/Atmel/Studio/7.0/Packs/atmel/ATmega_DFP/1.6.364/gcc/dev/atmega32/avr5/crtatmega32.o
 .debug_str     0x00000196      0x3a6 HAL/LCD.o
                                0x3e4 (size before relaxing)
 .debug_str     0x0000053c      0x371 HAL/RGB.o
                                0x55d (size before relaxing)
 .debug_str     0x000008ad       0xba main.o
                                0x27d (size before relaxing)
 .debug_str     0x00000967      0x102 MCAL/DIO.o
                                0x2f4 (size before relaxing)
 .debug_str     0x00000a69       0x13 MCAL/DIO_lcfg.o
                                0x257 (size before relaxing)
 .debug_str     0x00000a7c      0x2de MCAL/Timers.o
                                0x705 (size before relaxing)
 .debug_str     0x00000d5a      0x12c MCAL/UART.o
                                0x2a0 (size before relaxing)
 .debug_str     0x00000e86      0x12e UART_Services.o
                                0x397 (size before relaxing)

.debug_loc      0x00000000     0x266d
 *(.debug_loc)
 .debug_loc     0x00000000      0x9d2 HAL/LCD.o
 .debug_loc     0x000009d2      0x48f HAL/RGB.o
 .debug_loc     0x00000e61      0x164 main.o
 .debug_loc     0x00000fc5      0x858 MCAL/DIO.o
 .debug_loc     0x0000181d      0x5dd MCAL/Timers.o
 .debug_loc     0x00001dfa      0x1be MCAL/UART.o
 .debug_loc     0x00001fb8      0x6b5 UART_Services.o

.debug_macinfo
 *(.debug_macinfo)

.debug_weaknames
 *(.debug_weaknames)

.debug_funcnames
 *(.debug_funcnames)

.debug_typenames
 *(.debug_typenames)

.debug_varnames
 *(.debug_varnames)

.debug_pubtypes
 *(.debug_pubtypes)

.debug_ranges   0x00000000      0x2f0
 *(.debug_ranges)
 .debug_ranges  0x00000000       0x78 HAL/LCD.o
 .debug_ranges  0x00000078       0x28 HAL/RGB.o
 .debug_ranges  0x000000a0       0x48 main.o
 .debug_ranges  0x000000e8       0x38 MCAL/DIO.o
 .debug_ranges  0x00000120       0xd8 MCAL/Timers.o
 .debug_ranges  0x000001f8       0x78 MCAL/UART.o
 .debug_ranges  0x00000270       0x80 UART_Services.o

.debug_macro
 *(.debug_macro)
OUTPUT(RGB.elf elf32-avr)
LOAD linker stubs
